Verified 83 release archive members
npm warn deprecated eslint@9.39.1: This version is no longer supported. Please see https://eslint.org/version-support for other options.

added 118 packages, and audited 119 packages in 451ms

33 packages are looking for funding
  run `npm fund` for details

found 0 vulnerabilities

> herdr-gitrail@0.1.0 artifact:verify
> node scripts/verify-artifact.mjs

Verified 5 manifest runtime files

> herdr-gitrail@0.1.0 check
> npm run lint && npm run test:coverage


> herdr-gitrail@0.1.0 lint
> node scripts/lint.mjs && eslint . && knip --include exports


> herdr-gitrail@0.1.0 test:coverage
> node --test --test-concurrency=1 --experimental-test-coverage --test-coverage-include='src/**/*.mjs' --test-coverage-lines=95 --test-coverage-branches=86 --test-coverage-functions=95

✔ tab creation uses the event tab instead of the globally focused tab (0.894833ms)
✔ startup reconciliation chooses one non-GitRail pane per tab (0.348375ms)
✔ event reconciliation filters to the created tab (0.0805ms)
✔ legacy layout-staging tabs never trigger auto-open (0.054583ms)
✔ bounded sweep caps workers and preserves mixed partial results (0.838834ms)
✔ bounded sweep does not dequeue work after its global deadline (0.105042ms)
✔ bounded sweep cancels every target when the deadline has already expired (0.09225ms)
✔ bounded sweep reports both active and queued jobs as deadline-cancelled (0.16975ms)
✔ auto-open target gives its process group the remaining deadline and recovery grace (1.988334ms)
✔ the global auto-open deadline starts before Herdr discovery (3.724459ms)
✔ only user configuration can disable automatic Herdr opening (1.995083ms)
✔ non-Git legacy labels never authorize closing a user pane (195.029041ms)
✔ Herdr launch keeps plugin code rooted while passing the selected repository explicitly (453.456292ms)
✔ live pane owns the single product title (3.1635ms)
✔ Herdr opens GitRail for restored and newly created tabs (0.482708ms)
✔ Herdr exposes a current-tab GitRail toggle action (0.354625ms)
✔ file previews open in a dedicated Herdr tab (0.584125ms)
✔ preview scrolling repaints in place without clearing the screen (0.49075ms)
✔ manual refresh confirmation is transient (0.334042ms)
✔ configuration validates version, launch mode, and refresh bounds (0.826875ms)
✔ the shipped example is governed by runtime validation alone (0.421916ms)
✔ configuration requires a version and rejects nested unknown keys (0.263583ms)
✔ viewer actions resolve conditionally by selected filename (0.507542ms)
✔ viewer executable preflight detects commands without invoking them (1.89375ms)
✔ configuration rejects mistyped structured values (0.103834ms)
✔ user configuration merges by key and environment wins (1.809291ms)
✔ an explicit Glow TUI rule is preserved (1.741625ms)
✔ environment overrides do not mutate built-in defaults (0.910333ms)
✔ editor integration is optional and EDITOR remains a fallback (0.841833ms)
✔ invalid environment overrides report errors without replacing valid defaults (0.840916ms)
✔ out-of-range polling overrides preserve a user interval (1.627ms)
✔ structured file diff removes Git plumbing and tracks both line numbers (1.411125ms)
✔ structured file diff preserves meaningful file metadata (0.091625ms)
✔ structured file diff parses combined conflict hunks (0.217625ms)
✔ diff rows neutralize repository-controlled terminal sequences (0.246167ms)
✔ structured diff parsing strips Git color without losing hunk semantics (0.083167ms)
✔ security policy has no fictional contact or response-time promise (2.58375ms)
✔ documentation states the eventual refresh and user-only configuration contracts (0.944417ms)
✔ public installation and release evidence instructions enforce the candidate gates (1.489542ms)
✔ the default local check enforces coverage (0.349916ms)
✔ live release cleanup is isolated from the operator's Herdr installation (0.336458ms)
✔ sealed release logs are not hidden by the general log ignore (0.333417ms)
✔ 20k-path files model materializes only the viewport at supported widths (160.893375ms)
✔ commit machine formats preserve control characters and unambiguous paths (1.24775ms)
✔ porcelain v2 parser preserves spaces, tabs, unicode, renames, and conflicts (0.24125ms)
✔ combined raw and numstat output preserves metadata, stats, and unusual paths (0.308083ms)
✔ the release witness can isolate the recovery poll from filesystem watchers (0.50175ms)
✔ git watcher resolves and deduplicates per-worktree and common git directories (2.184709ms)
✔ git watcher never runs Git for an empty repository root (0.1135ms)
✔ test/helpers/environment.mjs (35.486667ms)
✔ content selection follows each tab's focused pane and ignores GitRail panes (0.531375ms)
✔ live cwd resolution is scoped to the rail's own tab (0.650875ms)
✔ a focused GitRail Demo never becomes the main rail's content source (0.060334ms)
✔ a stored GitRail Demo source is discarded in favor of real tab content (0.1175ms)
✔ a moved rail resolves cwd from its current workspace instead of its launch workspace (0.147584ms)
✔ configured sidebar width shrinks a new right split to exact columns (1.2ms)
✔ configured width never takes more than half a narrow split (0.180208ms)
✔ configured width respects Herdr's minimum split ratio (0.101625ms)
✔ sidebar resize uses Herdr layout and pane APIs without changing focus (1.039083ms)
✔ orphaned pane locks are recovered instead of suppressing auto-open (8.345459ms)
✔ a live lock cannot be age-evicted or released by an earlier owner (105.22875ms)
✔ an orphaned reclaimer cannot permanently wedge a pane lock (5.142083ms)
✔ existing current rails are adopted, deduplicated, and never reopened from themselves (4.952959ms)
✔ toggle closes only the verified GitRail rail and clears its tab state (2.356834ms)
✔ toggle opens a rail when the current tab has none (2.159166ms)
✔ automatic ensure uses a safe outer-right split without layout staging (2.699875ms)
✔ legacy rails are replaced at the right edge using the tab-focused source cwd (2.129459ms)
✔ automatic ensure adopts a middle rail without rearranging user panes (1.7245ms)
✔ rightmost placement is independent of pane listing order (0.10475ms)
GitRail open skipped tab w1:t1 because an outer-right split is not safe
✔ automatic ensure skips an unsafe vertical layout without staging or opening (1.760958ms)
GitRail open skipped tab w1:t1 because an outer-right split is not safe
✔ manual open also skips an unsafe vertical layout without rearranging user panes (1.45225ms)
✔ manual replace retargets an existing rail while ensure adopts it (1.737416ms)
✔ replace aborts instead of duplicating when the owned rail cannot close (1.359833ms)
✔ zoomed tabs are unzoomed for replacement and restored afterward (2.1905ms)
✔ GitRail Demo panes use entrypoint-specific identity instead of accumulating (2.007083ms)
✔ a GitRail Demo pane cannot become the main rail's content source (1.5585ms)
✔ a user pane renamed like GitRail is never treated as plugin-owned (1.819708ms)
✔ ownership inspection failure aborts instead of opening a duplicate rail (1.394792ms)
✔ an invalid plugin-open pane id is never moved into the target tab (1.459792ms)
✔ closed-tab cleanup removes state and orphan locks only for that tab (1.750667ms)
✔ fixture state is derived by the production provider (331.796875ms)
✔ inspection leaves HEAD, refs, index, status, and worktree bytes unchanged (335.588583ms)
✔ refresh and commit details use one exact-copy diff scan per comparison (247.560458ms)
✔ non-repository directories provide a bounded filesystem Files state (14.415125ms)
✔ configured bases must resolve to commits and never silently fall back (147.898416ms)
✔ Against Raw uses the same merge base as its diff after branches diverge (279.376083ms)
✔ staged copy identity and colon-prefixed index paths remain exact (185.676667ms)
✔ exact-revision materialization preserves bounded binary bytes for viewers (56.49875ms)
✔ staged, unstaged, against, commit, untracked, and clean descriptors are independent (320.925667ms)
✔ raw preview identifies revisions and rejects escaping symlinks (123.936167ms)
✔ missing worktree content never falls back unless the selected state is deleted (65.308875ms)
✔ provider handles unborn and detached repositories plus unusual renamed paths (415.767417ms)
✔ rename pathspecs preserve identity in every diff scope (0.214417ms)
✔ rename and copy previews retain Git identity across against, workspace, commit, and staged views (295.800625ms)
✔ commit history and file details use one explicit first-parent comparison (334.1085ms)
✔ untracked text line counts match Git numstat semantics (171.604542ms)
✔ untracked statistics stop at an aggregate inspection budget (177.133333ms)
✔ clean tracked files retain symlink and executable metadata (161.91175ms)
✔ unstaged type changes use worktree mode rather than index mode (162.527667ms)
✔ against-base model retains deletion, rename, copy, executable, and symlink metadata (208.725334ms)
✔ unmerged porcelain state remains an explicit conflict in both scopes (230.120083ms)
✔ raw content limits fail safely before reading unbounded data (126.859041ms)
✔ historical and index blobs receive bounded binary and UTF-8 validation without fallback (285.870709ms)
✔ non-regular worktree entries are rejected without opening a blocking stream (22.427041ms)
✔ commit history is bounded while retaining an exact total (5159.438084ms)
✔ submodule gitlinks remain first-class canonical metadata (676.251625ms)
✔ Files view combines base-branch diffs with grey unchanged files (9.8955ms)
✔ canonical clean files preserve tracked mode metadata (0.157166ms)
✔ manifest routes every runtime entrypoint through an absolute shell and launcher (2.160166ms)
✔ launcher accepts an absolute Node executable whose path contains spaces (85.948666ms)
✔ launcher rejects missing and unsupported Node before running the target (188.723708ms)
✔ in-process Node version guard rejects unsupported majors (0.216542ms)
✔ preview state is scoped by workspace, source tab, and entrypoint (3.162791ms)
✔ opening a preview records it, renames its tab, and closes only a verified stale preview (3.534333ms)
✔ reused user pane id is never closed from stale preview state (1.513125ms)
✔ wrong workspace is never closed from stale preview state (1.412458ms)
✔ unrelated process is never closed from stale preview state (1.486875ms)
✔ same-named script from another checkout is never closed from stale preview state (1.435042ms)
✔ inspection failure leaves the old pane open without hiding the successful new preview (1.886875ms)
✔ malformed open response does not overwrite existing preview ownership (1.701ms)
✔ missing stale panes are discarded without a destructive close (1.721583ms)
✔ open failure preserves stale ownership and rename failure is only a warning (1.983041ms)
✔ an unwritable preview state root fails inside the guarded lifecycle before opening a pane (0.739ms)
✔ preview search normalizes content once and narrows prior candidates (1.60175ms)
✔ cached search results retain display columns without another position pass (0.30375ms)
✔ preview search restores cached prefixes, handles Unicode, and resets by content (0.130208ms)
✔ preview search bounds query and retained candidate memory (1111.385833ms)
✔ process stdout remains text by default and can preserve exact bytes (95.468458ms)
✔ process input can be supplied as exact bytes (44.360584ms)
✔ timeouts settle without waiting for descendants that inherited output pipes (52.6515ms)
✔ timeouts terminate descendants in the command process group (564.887292ms)
✔ abort signals terminate and await the command process group (561.308666ms)
✔ archive member verification rejects local-only and removed artifacts (1.358917ms)
✔ release evidence binds eight hashed local logs to one candidate (33.924ms)
✔ release evidence rejects failed, stale, mismatched, and malformed local records (9.382625ms)
✔ release screenshots have the declared dimensions and resolvable source commits (1.69075ms)
✔ demo snapshot is coherent at 25 columns (786.999042ms)
✔ demo snapshot is coherent at 36 columns (970.39175ms)
✔ demo snapshot is coherent at 52 columns (1096.695459ms)
✔ demo snapshot is coherent at 100 columns (1109.915334ms)
✔ demo snapshot ignores ambient user configuration and GitRail overrides (1247.77275ms)
✔ Files view puts repository-root files after folders at 25 columns (1105.175834ms)
✔ Files view puts repository-root files after folders at 100 columns (898.175167ms)
✔ production Files repaint materializes only the 20k-path viewport (3199.264416ms)
✔ keyboard navigation reaches the first, middle, and final 20k-path Files rows (1983.400958ms)
✔ Changes search includes commit history summaries (1230.59275ms)
✔ commit-history search filters expanded commit children (1000.282291ms)
✔ large repositories fully render Files while Changes stays paginated (2012.659125ms)
✔ sidebar rows stay within terminal width for wide filenames (642.025625ms)
✔ clean Changes view states that the worktree is clean (964.713ms)
✔ non-repository Files stays browsable with one neutral file icon (411.447166ms)
✔ keyboard can expand a commit-summary search result (953.521209ms)
✔ help overlay explains keys and icons, scrolls, and returns to a highlighted selection (1036.882583ms)
✔ Escape clears a keyboard selection before a second press closes the rail (796.239709ms)
✔ fatal rail errors restore terminal modes before exiting nonzero (782.080708ms)
✔ preview processes coalesced search input, advances matches, and exposes horizontal navigation (768.819291ms)
✔ embedded Markdown rendering stays inside the pageable preview viewport (380.84925ms)
✔ a hostile repository config cannot auto-launch a preview executable (116.505ms)
✔ embedded Glow renders the selected Markdown bytes through stdin (266.122666ms)
✔ the built-in Markdown action auto-opens Glow TUI and action 3 opens it again (451.506625ms)
✔ preview reports repaint latency for a large allowed line count (2386.441833ms)
ℹ 75,000-line preview repaint: 20ms
✔ preview avoids wrapped-row amplification for a pathological single line (155.826083ms)
✔ preview rejects pathological line counts before rendered-memory amplification (430.203166ms)
✔ terminal text blocks OSC52 and every terminal control family (0.76025ms)
✔ clean Files metadata opens Raw even with a workspace descriptor (0.086833ms)
✔ commit preview context distinguishes first-parent and root comparisons (0.054583ms)
✔ preview tab names use a safe capped basename (0.628333ms)
✔ terminal layout helpers measure, truncate, pad, and compact by display columns (0.872584ms)
✔ preview wrapping preserves gutters, ANSI styles, Unicode width, and source rows (0.986791ms)
✔ embedded renderer output keeps only SGR styling (0.111916ms)
✔ terminal input decoder preserves ordered coalesced keyboard, CSI, and mouse events (10.837208ms)
✔ summary-only commit matches can expand to meaningful file content (0.231208ms)
✔ poll timers reject corrupted intervals independently of configuration (0.096375ms)
✔ filesystem invalidations coalesce and enforce a minimum refresh cadence (0.136917ms)
✔ a successful refresh clears only refresh failures (0.048083ms)
✔ SGR mouse reports can be removed without leaking bytes into search text (0.095417ms)
✔ startup provider failures become an actionable render state (0.118709ms)
✔ sidebar snapshots cannot emit OSC52 from repository and filename data (726.304375ms)
✔ recovery polling follows repository transitions in either direction (4.126292ms)
✔ preview requests serialize and skip superseded queued selections (0.789416ms)
✔ keyboard selection reveal uses rendered row position (0.256875ms)
✔ compact commit ages preserve value and unit (0.655708ms)
✔ root files sort after every folder group (7.796417ms)
✔ uninstall closes only live pane instances owned by this checkout before unlinking (1.317083ms)
✔ uninstall fails closed on a reused or spoofed GitRail pane (0.522875ms)
ℹ tests 185
ℹ suites 0
ℹ pass 185
ℹ fail 0
ℹ cancelled 0
ℹ skipped 0
ℹ todo 0
ℹ duration_ms 53050.913333
ℹ start of coverage report
ℹ ------------------------------------------------------------------------------------------------------
ℹ file                        | line % | branch % | funcs % | uncovered lines
ℹ ------------------------------------------------------------------------------------------------------
ℹ src                         |        |          |         | 
ℹ  config.mjs                 |  97.04 |    91.19 |   96.43 | 65-66 69-70 140-141 155-156
ℹ  debug-log.mjs              |  46.67 |    66.67 |   50.00 | 7-14
ℹ  diff-view.mjs              |  86.67 |    82.35 |  100.00 | 45-48 67-72
ℹ  files-view-model.mjs       | 100.00 |   100.00 |  100.00 | 
ℹ  fixture.mjs                | 100.00 |   100.00 |  100.00 | 
ℹ  git-parsers.mjs            | 100.00 |    98.65 |  100.00 | 
ℹ  git-provider.mjs           |  98.48 |    85.53 |  100.00 | 66-67 205-206 301 333-334
ℹ  git-watch.mjs              | 100.00 |    87.50 |  100.00 | 
ℹ  herdr-context.mjs          |  96.88 |    52.17 |  100.00 | 62-63
ℹ  herdr-layout.mjs           | 100.00 |    71.43 |   83.33 | 
ℹ  herdr-pane-state.mjs       |  89.19 |    70.37 |   95.00 | 47-48 72-73 81-82 113 115 168-174 180-184
ℹ  model.mjs                  |  82.50 |    84.62 |   81.82 | 55-65 75-77
ℹ  node-version.mjs           | 100.00 |   100.00 |  100.00 | 
ℹ  preview-pane-lifecycle.mjs |  91.04 |    78.95 |  100.00 | 84-95
ℹ  preview-provider.mjs       |  95.30 |    84.35 |  100.00 | 60 92 158 180-186 221
ℹ  preview-search.mjs         | 100.00 |    87.50 |  100.00 | 
ℹ  process.mjs                |  92.62 |    89.80 |   84.21 | 28-30 73 83-86 111-112 136
ℹ  terminal-ui.mjs            |  98.03 |    88.32 |   92.50 | 133-135 186-188 301-302
ℹ  tui-format.mjs             | 100.00 |    66.67 |  100.00 | 
ℹ ------------------------------------------------------------------------------------------------------
ℹ all files                   |  95.69 |    86.35 |   95.08 | 
ℹ ------------------------------------------------------------------------------------------------------
ℹ end of coverage report
