
> herdr-gitrail@0.1.0 check
> npm run lint && npm run test:coverage


> herdr-gitrail@0.1.0 lint
> node scripts/lint.mjs && eslint . && knip --include exports


> herdr-gitrail@0.1.0 test:coverage
> node --test --test-concurrency=1 --experimental-test-coverage --test-coverage-include='src/**/*.mjs' --test-coverage-lines=95 --test-coverage-branches=86 --test-coverage-functions=95

✔ tab creation uses the event tab instead of the globally focused tab (0.967083ms)
✔ startup reconciliation chooses one non-GitRail pane per tab (0.295083ms)
✔ event reconciliation filters to the created tab (0.074625ms)
✔ legacy layout-staging tabs never trigger auto-open (0.05225ms)
✔ bounded sweep caps workers and preserves mixed partial results (0.86275ms)
✔ bounded sweep does not dequeue work after its global deadline (0.104209ms)
✔ bounded sweep cancels every target when the deadline has already expired (0.086875ms)
✔ bounded sweep reports both active and queued jobs as deadline-cancelled (0.160291ms)
✔ auto-open target gives its process group the remaining deadline and recovery grace (1.951125ms)
✔ the global auto-open deadline starts before Herdr discovery (4.362583ms)
✔ only user configuration can disable automatic Herdr opening (2.264292ms)
✔ non-Git legacy labels never authorize closing a user pane (249.901833ms)
✔ Herdr launch keeps plugin code rooted while passing the selected repository explicitly (291.170041ms)
✔ live pane owns the single product title (2.852834ms)
✔ Herdr opens GitRail for restored and newly created tabs (0.48575ms)
✔ Herdr exposes a current-tab GitRail toggle action (0.311584ms)
✔ file previews open in a dedicated Herdr tab (0.456ms)
✔ preview scrolling repaints in place without clearing the screen (0.479416ms)
✔ manual refresh confirmation is transient (0.3125ms)
✔ configuration validates version, launch mode, and refresh bounds (0.824375ms)
✔ the shipped example is governed by runtime validation alone (0.4075ms)
✔ configuration requires a version and rejects nested unknown keys (0.2575ms)
✔ viewer actions resolve conditionally by selected filename (0.514458ms)
✔ viewer executable preflight detects commands without invoking them (1.811ms)
✔ configuration rejects mistyped structured values (0.092167ms)
✔ user configuration merges by key and environment wins (1.676708ms)
✔ an explicit Glow TUI rule is preserved (1.651791ms)
✔ environment overrides do not mutate built-in defaults (0.793375ms)
✔ editor integration is optional and EDITOR remains a fallback (0.77325ms)
✔ invalid environment overrides report errors without replacing valid defaults (0.762791ms)
✔ out-of-range polling overrides preserve a user interval (1.667625ms)
✔ structured file diff removes Git plumbing and tracks both line numbers (2.13525ms)
✔ structured file diff preserves meaningful file metadata (0.122083ms)
✔ structured file diff parses combined conflict hunks (0.269ms)
✔ diff rows neutralize repository-controlled terminal sequences (0.272458ms)
✔ structured diff parsing strips Git color without losing hunk semantics (0.077833ms)
✔ security policy has no fictional contact or response-time promise (2.547417ms)
✔ documentation states the eventual refresh and user-only configuration contracts (0.675792ms)
✔ public installation and release evidence instructions enforce the candidate gates (1.187333ms)
✔ the default local check enforces coverage (0.31225ms)
✔ live release cleanup is isolated from the operator's Herdr installation (0.318167ms)
✔ sealed release logs are not hidden by the general log ignore (0.314708ms)
✔ 20k-path files model materializes only the viewport at supported widths (154.87025ms)
✔ commit machine formats preserve control characters and unambiguous paths (1.096125ms)
✔ porcelain v2 parser preserves spaces, tabs, unicode, renames, and conflicts (0.180917ms)
✔ combined raw and numstat output preserves metadata, stats, and unusual paths (0.273375ms)
✔ the release witness can isolate the recovery poll from filesystem watchers (0.471542ms)
✔ git watcher resolves and deduplicates per-worktree and common git directories (1.811083ms)
✔ git watcher never runs Git for an empty repository root (0.099875ms)
✔ test/helpers/environment.mjs (33.714083ms)
✔ content selection follows each tab's focused pane and ignores GitRail panes (0.802958ms)
✔ live cwd resolution is scoped to the rail's own tab (0.592583ms)
✔ a focused GitRail Demo never becomes the main rail's content source (0.056208ms)
✔ a stored GitRail Demo source is discarded in favor of real tab content (0.115542ms)
✔ a moved rail resolves cwd from its current workspace instead of its launch workspace (0.140584ms)
✔ configured sidebar width shrinks a new right split to exact columns (0.555625ms)
✔ configured width never takes more than half a narrow split (0.072416ms)
✔ configured width respects Herdr's minimum split ratio (0.043917ms)
✔ sidebar resize uses Herdr layout and pane APIs without changing focus (0.534125ms)
✔ orphaned pane locks are recovered instead of suppressing auto-open (6.981042ms)
✔ a live lock cannot be age-evicted or released by an earlier owner (104.90325ms)
✔ an orphaned reclaimer cannot permanently wedge a pane lock (4.281625ms)
✔ existing current rails are adopted, deduplicated, and never reopened from themselves (4.273458ms)
✔ toggle closes only the verified GitRail rail and clears its tab state (2.066542ms)
✔ toggle opens a rail when the current tab has none (1.938083ms)
✔ automatic ensure uses a safe outer-right split without layout staging (2.282916ms)
✔ legacy rails are replaced at the right edge using the tab-focused source cwd (2.534208ms)
✔ automatic ensure adopts a middle rail without rearranging user panes (2.608ms)
✔ rightmost placement is independent of pane listing order (0.128292ms)
GitRail open skipped tab w1:t1 because an outer-right split is not safe
✔ automatic ensure skips an unsafe vertical layout without staging or opening (2.387166ms)
GitRail open skipped tab w1:t1 because an outer-right split is not safe
✔ manual open also skips an unsafe vertical layout without rearranging user panes (1.882ms)
✔ manual replace retargets an existing rail while ensure adopts it (2.265917ms)
✔ replace aborts instead of duplicating when the owned rail cannot close (14.731792ms)
✔ zoomed tabs are unzoomed for replacement and restored afterward (7.03075ms)
✔ GitRail Demo panes use entrypoint-specific identity instead of accumulating (2.55125ms)
✔ a GitRail Demo pane cannot become the main rail's content source (1.584291ms)
✔ a user pane renamed like GitRail is never treated as plugin-owned (1.976ms)
✔ ownership inspection failure aborts instead of opening a duplicate rail (1.500375ms)
✔ an invalid plugin-open pane id is never moved into the target tab (1.444791ms)
✔ closed-tab cleanup removes state and orphan locks only for that tab (1.9075ms)
✔ fixture state is derived by the production provider (294.956333ms)
✔ inspection leaves HEAD, refs, index, status, and worktree bytes unchanged (342.950792ms)
✔ refresh and commit details use one exact-copy diff scan per comparison (260.590334ms)
✔ non-repository directories provide a bounded filesystem Files state (14.273958ms)
✔ configured bases must resolve to commits and never silently fall back (148.6035ms)
✔ Against Raw uses the same merge base as its diff after branches diverge (263.620208ms)
✔ staged copy identity and colon-prefixed index paths remain exact (173.906792ms)
✔ exact-revision materialization preserves bounded binary bytes for viewers (55.914375ms)
✔ staged, unstaged, against, commit, untracked, and clean descriptors are independent (292.6315ms)
✔ raw preview identifies revisions and rejects escaping symlinks (119.834125ms)
✔ missing worktree content never falls back unless the selected state is deleted (66.374125ms)
✔ provider handles unborn and detached repositories plus unusual renamed paths (376.704166ms)
✔ rename pathspecs preserve identity in every diff scope (0.172542ms)
✔ rename and copy previews retain Git identity across against, workspace, commit, and staged views (295.036375ms)
✔ commit history and file details use one explicit first-parent comparison (352.820292ms)
✔ untracked text line counts match Git numstat semantics (157.989333ms)
✔ untracked statistics stop at an aggregate inspection budget (167.620625ms)
✔ clean tracked files retain symlink and executable metadata (169.50375ms)
✔ unstaged type changes use worktree mode rather than index mode (177.825167ms)
✔ against-base model retains deletion, rename, copy, executable, and symlink metadata (229.0565ms)
✔ unmerged porcelain state remains an explicit conflict in both scopes (268.188292ms)
✔ raw content limits fail safely before reading unbounded data (141.037166ms)
✔ historical and index blobs receive bounded binary and UTF-8 validation without fallback (334.372417ms)
✔ non-regular worktree entries are rejected without opening a blocking stream (22.461ms)
✔ commit history is bounded while retaining an exact total (4790.966333ms)
✔ submodule gitlinks remain first-class canonical metadata (663.468833ms)
✔ Files view combines base-branch diffs with grey unchanged files (8.848625ms)
✔ canonical clean files preserve tracked mode metadata (0.156541ms)
✔ manifest routes every runtime entrypoint through an absolute shell and launcher (1.981083ms)
✔ launcher accepts an absolute Node executable whose path contains spaces (79.826ms)
✔ launcher rejects missing and unsupported Node before running the target (194.048625ms)
✔ in-process Node version guard rejects unsupported majors (0.223417ms)
✔ preview state is scoped by workspace, source tab, and entrypoint (3.601125ms)
✔ opening a preview records it, renames its tab, and closes only a verified stale preview (4.810667ms)
✔ reused user pane id is never closed from stale preview state (2.243333ms)
✔ wrong workspace is never closed from stale preview state (2.066166ms)
✔ unrelated process is never closed from stale preview state (2.176041ms)
✔ same-named script from another checkout is never closed from stale preview state (2.422916ms)
✔ inspection failure leaves the old pane open without hiding the successful new preview (1.966041ms)
✔ malformed open response does not overwrite existing preview ownership (2.037375ms)
✔ missing stale panes are discarded without a destructive close (1.726417ms)
✔ open failure preserves stale ownership and rename failure is only a warning (1.898958ms)
✔ an unwritable preview state root fails inside the guarded lifecycle before opening a pane (0.776625ms)
✔ preview search normalizes content once and narrows prior candidates (1.332584ms)
✔ cached search results retain display columns without another position pass (0.328666ms)
✔ preview search restores cached prefixes, handles Unicode, and resets by content (0.129375ms)
✔ preview search bounds query and retained candidate memory (947.104583ms)
✔ process stdout remains text by default and can preserve exact bytes (83.607083ms)
✔ process input can be supplied as exact bytes (35.780208ms)
✔ timeouts settle without waiting for descendants that inherited output pipes (51.647584ms)
✔ timeouts terminate descendants in the command process group (555.0235ms)
✔ abort signals terminate and await the command process group (555.455333ms)
✔ archive member verification rejects local-only and removed artifacts (1.124ms)
✔ release evidence binds eight hashed local logs to one candidate (9.83075ms)
✔ release evidence rejects failed, stale, mismatched, and malformed local records (7.918167ms)
✔ release screenshots have the declared dimensions and resolvable source commits (1.324708ms)
✔ demo snapshot is coherent at 25 columns (374.775708ms)
✔ demo snapshot is coherent at 36 columns (373.042917ms)
✔ demo snapshot is coherent at 52 columns (380.86525ms)
✔ demo snapshot is coherent at 100 columns (374.816583ms)
✔ demo snapshot ignores ambient user configuration and GitRail overrides (374.96875ms)
✔ Files view puts repository-root files after folders at 25 columns (379.139708ms)
✔ Files view puts repository-root files after folders at 100 columns (383.299334ms)
✔ production Files repaint materializes only the 20k-path viewport (1300.767459ms)
✔ keyboard navigation reaches the first, middle, and final 20k-path Files rows (1573.969083ms)
✔ Changes search includes commit history summaries (512.195875ms)
✔ commit-history search filters expanded commit children (360.480958ms)
✔ large repositories fully render Files while Changes stays paginated (542.937959ms)
✔ sidebar rows stay within terminal width for wide filenames (231.316417ms)
✔ clean Changes view states that the worktree is clean (272.071708ms)
✔ non-repository Files stays browsable with one neutral file icon (246.667834ms)
✔ keyboard can expand a commit-summary search result (388.072708ms)
✔ help overlay explains keys and icons, scrolls, and returns to a highlighted selection (620.310584ms)
✔ Escape clears a keyboard selection before a second press closes the rail (428.314292ms)
✔ fatal rail errors restore terminal modes before exiting nonzero (339.2315ms)
✔ preview processes coalesced search input, advances matches, and exposes horizontal navigation (781.455917ms)
✔ embedded Markdown rendering stays inside the pageable preview viewport (432.11675ms)
✔ a hostile repository config cannot auto-launch a preview executable (92.526125ms)
✔ embedded Glow renders the selected Markdown bytes through stdin (272.161541ms)
✔ the built-in Markdown action auto-opens Glow TUI and action 3 opens it again (274.817958ms)
✔ preview reports repaint latency for a large allowed line count (1563.167125ms)
ℹ 75,000-line preview repaint: 20ms
✔ preview avoids wrapped-row amplification for a pathological single line (109.599375ms)
✔ preview rejects pathological line counts before rendered-memory amplification (177.599041ms)
✔ terminal text blocks OSC52 and every terminal control family (0.677917ms)
✔ clean Files metadata opens Raw even with a workspace descriptor (0.082875ms)
✔ commit preview context distinguishes first-parent and root comparisons (0.048375ms)
✔ preview tab names use a safe capped basename (1.018042ms)
✔ terminal layout helpers measure, truncate, pad, and compact by display columns (0.395167ms)
✔ preview wrapping preserves gutters, ANSI styles, Unicode width, and source rows (0.950834ms)
✔ embedded renderer output keeps only SGR styling (0.109791ms)
✔ terminal input decoder preserves ordered coalesced keyboard, CSI, and mouse events (10.600625ms)
✔ summary-only commit matches can expand to meaningful file content (0.152917ms)
✔ poll timers reject corrupted intervals independently of configuration (0.084ms)
✔ filesystem invalidations coalesce and enforce a minimum refresh cadence (0.12325ms)
✔ a successful refresh clears only refresh failures (0.041333ms)
✔ SGR mouse reports can be removed without leaking bytes into search text (0.063541ms)
✔ startup provider failures become an actionable render state (0.094667ms)
✔ sidebar snapshots cannot emit OSC52 from repository and filename data (232.159416ms)
✔ recovery polling follows repository transitions in either direction (0.477ms)
✔ preview requests serialize and skip superseded queued selections (0.278ms)
✔ keyboard selection reveal uses rendered row position (0.072625ms)
✔ compact commit ages preserve value and unit (0.623959ms)
✔ root files sort after every folder group (7.134041ms)
✔ uninstall closes only live pane instances owned by this checkout before unlinking (1.194125ms)
✔ uninstall fails closed on a reused or spoofed GitRail pane (0.482209ms)
ℹ tests 185
ℹ suites 0
ℹ pass 185
ℹ fail 0
ℹ cancelled 0
ℹ skipped 0
ℹ todo 0
ℹ duration_ms 38170.63825
ℹ start of coverage report
ℹ ------------------------------------------------------------------------------------------------
ℹ file                        | line % | branch % | funcs % | uncovered lines
ℹ ------------------------------------------------------------------------------------------------
ℹ src                         |        |          |         | 
ℹ  config.mjs                 |  97.04 |    91.19 |   96.43 | 65-66 69-70 140-141 155-156
ℹ  debug-log.mjs              |  46.67 |    66.67 |   50.00 | 7-14
ℹ  diff-view.mjs              |  86.67 |    82.35 |  100.00 | 45-48 67-72
ℹ  files-view-model.mjs       | 100.00 |   100.00 |  100.00 | 
ℹ  fixture.mjs                | 100.00 |   100.00 |  100.00 | 
ℹ  git-parsers.mjs            | 100.00 |    98.65 |  100.00 | 
ℹ  git-provider.mjs           |  98.48 |    85.53 |  100.00 | 66-67 205-206 301 333-334
ℹ  git-watch.mjs              | 100.00 |    87.50 |  100.00 | 
ℹ  herdr-context.mjs          |  96.88 |    52.17 |  100.00 | 62-63
ℹ  herdr-layout.mjs           | 100.00 |    71.43 |   83.33 | 
ℹ  herdr-pane-state.mjs       |  90.27 |    71.70 |   95.00 | 72-73 81-82 113 115 168-174 180-184
ℹ  model.mjs                  |  82.50 |    84.62 |   81.82 | 55-65 75-77
ℹ  node-version.mjs           | 100.00 |   100.00 |  100.00 | 
ℹ  preview-pane-lifecycle.mjs |  91.04 |    78.95 |  100.00 | 84-95
ℹ  preview-provider.mjs       |  95.30 |    84.35 |  100.00 | 60 92 158 180-186 221
ℹ  preview-search.mjs         | 100.00 |    87.50 |  100.00 | 
ℹ  process.mjs                |  92.62 |    89.80 |   84.21 | 28-30 73 83-86 111-112 136
ℹ  terminal-ui.mjs            |  98.03 |    88.32 |   92.50 | 133-135 186-188 301-302
ℹ  tui-format.mjs             | 100.00 |    66.67 |  100.00 | 
ℹ ------------------------------------------------------------------------------------------------
ℹ all files                   |  95.76 |    86.42 |   95.08 | 
ℹ ------------------------------------------------------------------------------------------------
ℹ end of coverage report
