npm warn deprecated eslint@9.39.1: This version is no longer supported. Please see https://eslint.org/version-support for other options.

added 118 packages, and audited 119 packages in 1s

33 packages are looking for funding
  run `npm fund` for details

found 0 vulnerabilities

> herdr-gitrail@0.1.0 check
> npm run lint && npm run test:coverage


> herdr-gitrail@0.1.0 lint
> node scripts/lint.mjs && eslint . && knip --include exports


> herdr-gitrail@0.1.0 test:coverage
> node --test --test-concurrency=1 --experimental-test-coverage --test-coverage-include='src/**/*.mjs' --test-coverage-lines=95 --test-coverage-branches=86 --test-coverage-functions=95

✔ tab creation uses the event tab instead of the globally focused tab (0.955583ms)
✔ startup reconciliation chooses one non-GitRail pane per tab (0.293708ms)
✔ event reconciliation filters to the created tab (0.083875ms)
✔ legacy layout-staging tabs never trigger auto-open (0.052125ms)
✔ bounded sweep caps workers and preserves mixed partial results (0.82925ms)
✔ bounded sweep does not dequeue work after its global deadline (0.102959ms)
✔ bounded sweep cancels every target when the deadline has already expired (0.085459ms)
✔ bounded sweep reports both active and queued jobs as deadline-cancelled (0.143041ms)
✔ auto-open target gives its process group the remaining deadline and recovery grace (1.842625ms)
✔ the global auto-open deadline starts before Herdr discovery (4.59975ms)
✔ only user configuration can disable automatic Herdr opening (1.979458ms)
✔ non-Git legacy labels never authorize closing a user pane (181.987083ms)
✔ Herdr launch keeps plugin code rooted while passing the selected repository explicitly (284.313208ms)
✔ live pane owns the single product title (6.818083ms)
✔ Herdr opens GitRail for restored and newly created tabs (1.853583ms)
✔ Herdr exposes a current-tab GitRail toggle action (1.42325ms)
✔ file previews open in a dedicated Herdr tab (4.401458ms)
✔ preview scrolling repaints in place without clearing the screen (1.398291ms)
✔ manual refresh confirmation is transient (1.480834ms)
✔ configuration validates version, launch mode, and refresh bounds (1.286333ms)
✔ the shipped example is governed by runtime validation alone (9.628458ms)
✔ configuration requires a version and rejects nested unknown keys (0.721834ms)
✔ viewer actions resolve conditionally by selected filename (7.756375ms)
✔ viewer executable preflight detects commands without invoking them (32.441708ms)
✔ configuration rejects mistyped structured values (0.157916ms)
✔ user configuration merges by key and environment wins (4.060541ms)
✔ an explicit Glow TUI rule is preserved (3.987958ms)
✔ environment overrides do not mutate built-in defaults (1.859791ms)
✔ editor integration is optional and EDITOR remains a fallback (2.417292ms)
✔ invalid environment overrides report errors without replacing valid defaults (1.549708ms)
✔ out-of-range polling overrides preserve a user interval (4.567167ms)
✔ structured file diff removes Git plumbing and tracks both line numbers (1.389666ms)
✔ structured file diff preserves meaningful file metadata (0.085ms)
✔ structured file diff parses combined conflict hunks (0.223417ms)
✔ diff rows neutralize repository-controlled terminal sequences (0.252084ms)
✔ structured diff parsing strips Git color without losing hunk semantics (0.076583ms)
✔ security policy has no fictional contact or response-time promise (4.573667ms)
✔ documentation states the eventual refresh and user-only configuration contracts (1.29375ms)
✔ public installation and release evidence instructions enforce the candidate gates (1.933833ms)
✔ the default local check enforces coverage (0.481625ms)
✔ live release cleanup is isolated from the operator's Herdr installation (0.509834ms)
✔ sealed release logs are not hidden by the general log ignore (0.435958ms)
✔ sealed evidence is excluded from later archives and preserves terminal bytes (0.437ms)
✔ 20k-path files model materializes only the viewport at supported widths (169.344458ms)
✔ commit machine formats preserve control characters and unambiguous paths (1.093833ms)
✔ porcelain v2 parser preserves spaces, tabs, unicode, renames, and conflicts (0.165958ms)
✔ combined raw and numstat output preserves metadata, stats, and unusual paths (0.270041ms)
✔ the release witness can isolate the recovery poll from filesystem watchers (0.52525ms)
✔ git watcher resolves and deduplicates per-worktree and common git directories (1.883334ms)
✔ git watcher never runs Git for an empty repository root (0.100833ms)
✔ test/helpers/environment.mjs (35.383ms)
✔ content selection follows each tab's focused pane and ignores GitRail panes (0.97625ms)
✔ live cwd resolution is scoped to the rail's own tab (0.707291ms)
✔ a focused GitRail Demo never becomes the main rail's content source (0.065042ms)
✔ a stored GitRail Demo source is discarded in favor of real tab content (0.125542ms)
✔ a moved rail resolves cwd from its current workspace instead of its launch workspace (0.156625ms)
✔ configured sidebar width shrinks a new right split to exact columns (0.6175ms)
✔ configured width never takes more than half a narrow split (0.07925ms)
✔ configured width respects Herdr's minimum split ratio (0.045334ms)
✔ sidebar resize uses Herdr layout and pane APIs without changing focus (0.567666ms)
✔ orphaned pane locks are recovered instead of suppressing auto-open (7.813666ms)
✔ a live lock cannot be age-evicted or released by an earlier owner (105.012125ms)
✔ an orphaned reclaimer cannot permanently wedge a pane lock (3.811834ms)
✔ existing current rails are adopted, deduplicated, and never reopened from themselves (4.3825ms)
✔ toggle closes only the verified GitRail rail and clears its tab state (2.138333ms)
✔ toggle opens a rail when the current tab has none (2.135709ms)
✔ automatic ensure uses a safe outer-right split without layout staging (2.368792ms)
✔ legacy rails are replaced at the right edge using the tab-focused source cwd (2.42225ms)
✔ automatic ensure adopts a middle rail without rearranging user panes (2.062042ms)
✔ rightmost placement is independent of pane listing order (0.093958ms)
GitRail open skipped tab w1:t1 because an outer-right split is not safe
✔ automatic ensure skips an unsafe vertical layout without staging or opening (2.238917ms)
GitRail open skipped tab w1:t1 because an outer-right split is not safe
✔ manual open also skips an unsafe vertical layout without rearranging user panes (1.746625ms)
✔ manual replace retargets an existing rail while ensure adopts it (2.013542ms)
✔ replace aborts instead of duplicating when the owned rail cannot close (1.258458ms)
✔ zoomed tabs are unzoomed for replacement and restored afterward (2.812625ms)
✔ GitRail Demo panes use entrypoint-specific identity instead of accumulating (1.744834ms)
✔ a GitRail Demo pane cannot become the main rail's content source (1.35175ms)
✔ a user pane renamed like GitRail is never treated as plugin-owned (2.013333ms)
✔ ownership inspection failure aborts instead of opening a duplicate rail (1.591958ms)
✔ an invalid plugin-open pane id is never moved into the target tab (1.649458ms)
✔ closed-tab cleanup removes state and orphan locks only for that tab (1.7805ms)
✔ fixture state is derived by the production provider (292.656125ms)
✔ inspection leaves HEAD, refs, index, status, and worktree bytes unchanged (376.373084ms)
✔ refresh and commit details use one exact-copy diff scan per comparison (274.205167ms)
✔ non-repository directories provide a bounded filesystem Files state (14.966458ms)
✔ configured bases must resolve to commits and never silently fall back (153.67ms)
✔ Against Raw uses the same merge base as its diff after branches diverge (299.490458ms)
✔ staged copy identity and colon-prefixed index paths remain exact (177.600083ms)
✔ exact-revision materialization preserves bounded binary bytes for viewers (55.433083ms)
✔ staged, unstaged, against, commit, untracked, and clean descriptors are independent (314.244709ms)
✔ raw preview identifies revisions and rejects escaping symlinks (122.473417ms)
✔ missing worktree content never falls back unless the selected state is deleted (68.173625ms)
✔ provider handles unborn and detached repositories plus unusual renamed paths (518.051ms)
✔ rename pathspecs preserve identity in every diff scope (0.219667ms)
✔ rename and copy previews retain Git identity across against, workspace, commit, and staged views (333.567209ms)
✔ commit history and file details use one explicit first-parent comparison (588.49725ms)
✔ untracked text line counts match Git numstat semantics (176.984ms)
✔ untracked statistics stop at an aggregate inspection budget (184.0255ms)
✔ clean tracked files retain symlink and executable metadata (226.36925ms)
✔ unstaged type changes use worktree mode rather than index mode (258.796125ms)
✔ against-base model retains deletion, rename, copy, executable, and symlink metadata (288.188792ms)
✔ unmerged porcelain state remains an explicit conflict in both scopes (264.862125ms)
✔ raw content limits fail safely before reading unbounded data (132.36725ms)
✔ historical and index blobs receive bounded binary and UTF-8 validation without fallback (317.665667ms)
✔ non-regular worktree entries are rejected without opening a blocking stream (47.404208ms)
✔ commit history is bounded while retaining an exact total (6472.469167ms)
✔ submodule gitlinks remain first-class canonical metadata (945.199166ms)
✔ Files view combines base-branch diffs with grey unchanged files (8.339417ms)
✔ canonical clean files preserve tracked mode metadata (0.166583ms)
✔ manifest routes every runtime entrypoint through an absolute shell and launcher (2.17ms)
✔ launcher accepts an absolute Node executable whose path contains spaces (85.171ms)
✔ launcher rejects missing and unsupported Node before running the target (193.511708ms)
✔ in-process Node version guard rejects unsupported majors (0.23375ms)
✔ preview state is scoped by workspace, source tab, and entrypoint (3.966542ms)
✔ opening a preview records it, renames its tab, and closes only a verified stale preview (5.229917ms)
✔ reused user pane id is never closed from stale preview state (3.748416ms)
✔ wrong workspace is never closed from stale preview state (2.737417ms)
✔ unrelated process is never closed from stale preview state (3.134667ms)
✔ same-named script from another checkout is never closed from stale preview state (3.556208ms)
✔ inspection failure leaves the old pane open without hiding the successful new preview (8.199417ms)
✔ malformed open response does not overwrite existing preview ownership (4.905417ms)
✔ missing stale panes are discarded without a destructive close (4.753875ms)
✔ open failure preserves stale ownership and rename failure is only a warning (3.115417ms)
✔ an unwritable preview state root fails inside the guarded lifecycle before opening a pane (1.211084ms)
✔ preview search normalizes content once and narrows prior candidates (1.435625ms)
✔ cached search results retain display columns without another position pass (0.322ms)
✔ preview search restores cached prefixes, handles Unicode, and resets by content (0.126375ms)
✔ preview search bounds query and retained candidate memory (1200.027666ms)
✔ process stdout remains text by default and can preserve exact bytes (79.662042ms)
✔ process input can be supplied as exact bytes (39.345416ms)
✔ timeouts settle without waiting for descendants that inherited output pipes (53.104666ms)
✔ timeouts terminate descendants in the command process group (554.385041ms)
✔ abort signals terminate and await the command process group (560.951375ms)
✔ archive member verification rejects local-only and removed artifacts (1.316292ms)
✔ release evidence binds eight hashed local logs to one candidate (10.169458ms)
✔ release evidence rejects failed, stale, mismatched, and malformed local records (9.485625ms)
✔ release screenshots have the declared dimensions and resolvable source commits (1.469459ms)
✔ demo snapshot is coherent at 25 columns (581.294084ms)
✔ demo snapshot is coherent at 36 columns (457.231167ms)
✔ demo snapshot is coherent at 52 columns (724.304334ms)
✔ demo snapshot is coherent at 100 columns (478.480334ms)
✔ demo snapshot ignores ambient user configuration and GitRail overrides (448.813042ms)
✔ Files view puts repository-root files after folders at 25 columns (460.245209ms)
✔ Files view puts repository-root files after folders at 100 columns (817.802875ms)
✔ production Files repaint materializes only the 20k-path viewport (1965.125375ms)
✔ keyboard navigation reaches the first, middle, and final 20k-path Files rows (1569.257625ms)
✔ Changes search includes commit history summaries (770.6775ms)
✔ commit-history search filters expanded commit children (475.629583ms)
✔ large repositories fully render Files while Changes stays paginated (862.668709ms)
✔ sidebar rows stay within terminal width for wide filenames (349.131375ms)
✔ clean Changes view states that the worktree is clean (312.68475ms)
✔ non-repository Files stays browsable with one neutral file icon (269.478458ms)
✔ keyboard can expand a commit-summary search result (452.397625ms)
✔ help overlay explains keys and icons, scrolls, and returns to a highlighted selection (868.685375ms)
✔ Escape clears a keyboard selection before a second press closes the rail (498.833167ms)
✔ fatal rail errors restore terminal modes before exiting nonzero (378.979167ms)
✔ preview processes coalesced search input, advances matches, and exposes horizontal navigation (767.807125ms)
✔ embedded Markdown rendering stays inside the pageable preview viewport (362.619834ms)
✔ a hostile repository config cannot auto-launch a preview executable (86.112542ms)
✔ embedded Glow renders the selected Markdown bytes through stdin (249.432291ms)
✔ the built-in Markdown action auto-opens Glow TUI and action 3 opens it again (241.623333ms)
✔ preview reports repaint latency for a large allowed line count (1724.363625ms)
ℹ 75,000-line preview repaint: 20ms
✔ preview avoids wrapped-row amplification for a pathological single line (136.471583ms)
✔ preview rejects pathological line counts before rendered-memory amplification (191.5925ms)
✔ terminal text blocks OSC52 and every terminal control family (0.779208ms)
✔ clean Files metadata opens Raw even with a workspace descriptor (0.086959ms)
✔ commit preview context distinguishes first-parent and root comparisons (0.051333ms)
✔ preview tab names use a safe capped basename (1.185917ms)
✔ terminal layout helpers measure, truncate, pad, and compact by display columns (0.39ms)
✔ preview wrapping preserves gutters, ANSI styles, Unicode width, and source rows (0.924833ms)
✔ embedded renderer output keeps only SGR styling (0.108792ms)
✔ terminal input decoder preserves ordered coalesced keyboard, CSI, and mouse events (10.460083ms)
✔ summary-only commit matches can expand to meaningful file content (0.28ms)
✔ poll timers reject corrupted intervals independently of configuration (0.140083ms)
✔ filesystem invalidations coalesce and enforce a minimum refresh cadence (0.1575ms)
✔ a successful refresh clears only refresh failures (0.049666ms)
✔ SGR mouse reports can be removed without leaking bytes into search text (0.105666ms)
✔ startup provider failures become an actionable render state (0.148833ms)
✔ sidebar snapshots cannot emit OSC52 from repository and filename data (637.153458ms)
✔ recovery polling follows repository transitions in either direction (1.017708ms)
✔ preview requests serialize and skip superseded queued selections (0.754083ms)
✔ keyboard selection reveal uses rendered row position (0.221125ms)
✔ compact commit ages preserve value and unit (0.663875ms)
✔ root files sort after every folder group (93.538125ms)
✔ uninstall closes only live pane instances owned by this checkout before unlinking (1.27075ms)
✔ uninstall fails closed on a reused or spoofed GitRail pane (0.506875ms)
ℹ tests 186
ℹ suites 0
ℹ pass 186
ℹ fail 0
ℹ cancelled 0
ℹ skipped 0
ℹ todo 0
ℹ duration_ms 45183.629417
ℹ start of coverage report
ℹ ------------------------------------------------------------------------------------------------
ℹ file                        | line % | branch % | funcs % | uncovered lines
ℹ ------------------------------------------------------------------------------------------------
ℹ src                         |        |          |         | 
ℹ  config.mjs                 |  97.04 |    90.72 |   96.43 | 65-66 69-70 140-141 155-156
ℹ  debug-log.mjs              |  46.67 |    66.67 |   50.00 | 7-14
ℹ  diff-view.mjs              |  86.67 |    82.35 |  100.00 | 45-48 67-72
ℹ  files-view-model.mjs       | 100.00 |   100.00 |  100.00 | 
ℹ  fixture.mjs                | 100.00 |   100.00 |  100.00 | 
ℹ  git-parsers.mjs            | 100.00 |    98.65 |  100.00 | 
ℹ  git-provider.mjs           |  98.48 |    85.53 |  100.00 | 66-67 205-206 301 333-334
ℹ  git-watch.mjs              | 100.00 |    87.50 |  100.00 | 
ℹ  herdr-context.mjs          |  96.88 |    52.17 |  100.00 | 62-63
ℹ  herdr-layout.mjs           | 100.00 |    71.43 |   83.33 | 
ℹ  herdr-pane-state.mjs       |  90.27 |    71.70 |   95.00 | 72-73 81-82 113 115 168-174 180-184
ℹ  model.mjs                  |  82.50 |    84.62 |   81.82 | 55-65 75-77
ℹ  node-version.mjs           | 100.00 |   100.00 |  100.00 | 
ℹ  preview-pane-lifecycle.mjs |  91.04 |    78.95 |  100.00 | 84-95
ℹ  preview-provider.mjs       |  95.30 |    84.35 |  100.00 | 60 92 158 180-186 221
ℹ  preview-search.mjs         | 100.00 |    87.50 |  100.00 | 
ℹ  process.mjs                |  92.62 |    89.80 |   84.21 | 28-30 73 83-86 111-112 136
ℹ  terminal-ui.mjs            |  98.03 |    88.32 |   92.50 | 133-135 186-188 301-302
ℹ  tui-format.mjs             | 100.00 |    66.67 |  100.00 | 
ℹ ------------------------------------------------------------------------------------------------
ℹ all files                   |  95.76 |    86.35 |   95.08 | 
ℹ ------------------------------------------------------------------------------------------------
ℹ end of coverage report

> herdr-gitrail@0.1.0 snapshot
> node scripts/git-rail.mjs --demo --snapshot --width 52 --height 46

 [1mgitrail-fixture[0m                                    
  [38;2;139;139;139m⑂ feature/sidebar[0m                                 
[38;2;84;84;84m────────────────────────────────────────────────────[0m
[48;2;45;41;34m[38;2;214;176;91m[1m CHANGES                  [0m[2m FILES                    [0m
[48;2;45;41;34m[2m ⌕ Search changes & commits…                        [0m
 [38;2;214;176;91m≣ Folders[0m   [38;2;139;139;139m↻ Refresh[0m                              
[38;2;84;84;84m────────────────────────────────────────────────────[0m
[38;2;214;176;91m▏[0m› Against main  [2m2[0m                                  
 › Commits  [2m1[0m                                       
 ⌄ Staged  [2m1[0m                                        
[38;2;139;139;139m ⌄ src[0m [2m1[0m                                            
  [38;2;84;84;84m└─[0m [38;2;229;180;84m⊡[0m status.mjs                              [38;2;91;190;112m+2[0m [38;2;224;108;117m−1[0m
 ⌄ Unstaged  [2m1[0m                                      
[38;2;139;139;139m ⌄ src[0m [2m1[0m                                            
  [38;2;84;84;84m└─[0m [38;2;229;180;84m⊡[0m status.mjs                              [38;2;91;190;112m+2[0m [38;2;224;108;117m−1[0m
 ⌄ Untracked  [2m2[0m                                     
[38;2;139;139;139m ⌄ assets[0m [2m1[0m                                         
  [38;2;84;84;84m└─[0m [38;2;91;190;112m?[0m binary.dat                             [38;2;190;132;220mbinary[0m
[38;2;139;139;139m ⌄ notes[0m [2m1[0m                                          
  [38;2;84;84;84m└─[0m [38;2;91;190;112m?[0m production ready.md                        [38;2;91;190;112m+3[0m
                                                    
                                                    
                                                    
                                                    
                                                    
                                                    
                                                    
                                                    
                                                    
                                                    
                                                    
                                                    
                                                    
                                                    
                                                    
                                                    
                                                    
                                                    
                                                    
                                                    
                                                    
                                                    
                                                    
                                                    
[38;2;84;84;84m────────────────────────────────────────────────────[0m
[2mj/k select · Enter open · ? help · / search · q[0m     

> herdr-gitrail@0.1.0 artifact:verify
> node scripts/verify-artifact.mjs

Verified 5 manifest runtime files
v24.19.0
