
> herdr-gitrail@0.1.0 check
> npm run lint && npm run test:coverage


> herdr-gitrail@0.1.0 lint
> node scripts/lint.mjs && eslint . && knip --include exports


> herdr-gitrail@0.1.0 test:coverage
> node --test --test-concurrency=1 --experimental-test-coverage --test-coverage-include='src/**/*.mjs' --test-coverage-lines=95 --test-coverage-branches=86 --test-coverage-functions=95

✔ tab creation uses the event tab instead of the globally focused tab (0.939417ms)
✔ startup reconciliation chooses one non-GitRail pane per tab (0.283459ms)
✔ event reconciliation filters to the created tab (0.077292ms)
✔ legacy layout-staging tabs never trigger auto-open (0.053125ms)
✔ bounded sweep caps workers and preserves mixed partial results (0.808125ms)
✔ bounded sweep does not dequeue work after its global deadline (0.101208ms)
✔ bounded sweep cancels every target when the deadline has already expired (0.084959ms)
✔ bounded sweep reports both active and queued jobs as deadline-cancelled (0.142791ms)
✔ auto-open target gives its process group the remaining deadline and recovery grace (26.862042ms)
✔ the global auto-open deadline starts before Herdr discovery (11.540708ms)
✔ only user configuration can disable automatic Herdr opening (10.4945ms)
✔ non-Git legacy labels never authorize closing a user pane (239.127708ms)
✔ Herdr launch keeps plugin code rooted while passing the selected repository explicitly (523.219042ms)
✔ live pane owns the single product title (2.962875ms)
✔ Herdr opens GitRail for restored and newly created tabs (0.489458ms)
✔ Herdr exposes a current-tab GitRail toggle action (0.328125ms)
✔ file previews open in a dedicated Herdr tab (0.528042ms)
✔ preview scrolling repaints in place without clearing the screen (0.548875ms)
✔ manual refresh confirmation is transient (0.321542ms)
✔ configuration validates version, launch mode, and refresh bounds (0.807625ms)
✔ the shipped example is governed by runtime validation alone (0.401291ms)
✔ configuration requires a version and rejects nested unknown keys (0.301333ms)
✔ viewer actions resolve conditionally by selected filename (0.541959ms)
✔ viewer executable preflight detects commands without invoking them (17.314542ms)
✔ configuration rejects mistyped structured values (0.110458ms)
✔ user configuration merges by key and environment wins (14.008542ms)
✔ an explicit Glow TUI rule is preserved (16.377458ms)
✔ environment overrides do not mutate built-in defaults (5.702ms)
✔ editor integration is optional and EDITOR remains a fallback (16.3195ms)
✔ invalid environment overrides report errors without replacing valid defaults (18.5415ms)
✔ out-of-range polling overrides preserve a user interval (20.763792ms)
✔ structured file diff removes Git plumbing and tracks both line numbers (1.341709ms)
✔ structured file diff preserves meaningful file metadata (0.0885ms)
✔ structured file diff parses combined conflict hunks (0.218ms)
✔ diff rows neutralize repository-controlled terminal sequences (0.254334ms)
✔ structured diff parsing strips Git color without losing hunk semantics (0.081875ms)
✔ security policy has no fictional contact or response-time promise (2.541333ms)
✔ documentation states the eventual refresh and user-only configuration contracts (0.627125ms)
✔ public installation and release evidence instructions enforce the candidate gates (1.158834ms)
✔ the default local check enforces coverage (0.300916ms)
✔ live release cleanup is isolated from the operator's Herdr installation (0.330375ms)
✔ sealed release logs are not hidden by the general log ignore (0.271459ms)
✔ sealed evidence is excluded from later archives and preserves terminal bytes (0.343292ms)
✔ 20k-path files model materializes only the viewport at supported widths (163.241583ms)
✔ commit machine formats preserve control characters and unambiguous paths (1.22275ms)
✔ porcelain v2 parser preserves spaces, tabs, unicode, renames, and conflicts (0.166584ms)
✔ combined raw and numstat output preserves metadata, stats, and unusual paths (0.2535ms)
✔ the release witness can isolate the recovery poll from filesystem watchers (0.47125ms)
✔ git watcher resolves and deduplicates per-worktree and common git directories (1.7675ms)
✔ git watcher never runs Git for an empty repository root (0.098459ms)
✔ test/helpers/environment.mjs (37.674375ms)
✔ content selection follows each tab's focused pane and ignores GitRail panes (0.863875ms)
✔ live cwd resolution is scoped to the rail's own tab (0.631ms)
✔ a focused GitRail Demo never becomes the main rail's content source (0.060416ms)
✔ a stored GitRail Demo source is discarded in favor of real tab content (0.119708ms)
✔ a moved rail resolves cwd from its current workspace instead of its launch workspace (0.150875ms)
✔ configured sidebar width shrinks a new right split to exact columns (0.592958ms)
✔ configured width never takes more than half a narrow split (0.076417ms)
✔ configured width respects Herdr's minimum split ratio (0.045167ms)
✔ sidebar resize uses Herdr layout and pane APIs without changing focus (0.557417ms)
✔ orphaned pane locks are recovered instead of suppressing auto-open (38.980709ms)
✔ a live lock cannot be age-evicted or released by an earlier owner (123.598875ms)
✔ an orphaned reclaimer cannot permanently wedge a pane lock (54.886417ms)
✔ existing current rails are adopted, deduplicated, and never reopened from themselves (58.737208ms)
✔ toggle closes only the verified GitRail rail and clears its tab state (39.772667ms)
✔ toggle opens a rail when the current tab has none (37.367708ms)
✔ automatic ensure uses a safe outer-right split without layout staging (54.526958ms)
✔ legacy rails are replaced at the right edge using the tab-focused source cwd (52.974583ms)
✔ automatic ensure adopts a middle rail without rearranging user panes (18.745708ms)
✔ rightmost placement is independent of pane listing order (0.131833ms)
GitRail open skipped tab w1:t1 because an outer-right split is not safe
✔ automatic ensure skips an unsafe vertical layout without staging or opening (14.527333ms)
GitRail open skipped tab w1:t1 because an outer-right split is not safe
✔ manual open also skips an unsafe vertical layout without rearranging user panes (19.462916ms)
✔ manual replace retargets an existing rail while ensure adopts it (41.144583ms)
✔ replace aborts instead of duplicating when the owned rail cannot close (27.064625ms)
✔ zoomed tabs are unzoomed for replacement and restored afterward (53.292083ms)
✔ GitRail Demo panes use entrypoint-specific identity instead of accumulating (29.305584ms)
✔ a GitRail Demo pane cannot become the main rail's content source (21.227625ms)
✔ a user pane renamed like GitRail is never treated as plugin-owned (39.94825ms)
✔ ownership inspection failure aborts instead of opening a duplicate rail (35.771541ms)
✔ an invalid plugin-open pane id is never moved into the target tab (16.9085ms)
✔ closed-tab cleanup removes state and orphan locks only for that tab (27.901ms)
✔ fixture state is derived by the production provider (834.87ms)
✔ inspection leaves HEAD, refs, index, status, and worktree bytes unchanged (896.792042ms)
✔ refresh and commit details use one exact-copy diff scan per comparison (921.165167ms)
✔ non-repository directories provide a bounded filesystem Files state (60.889959ms)
✔ configured bases must resolve to commits and never silently fall back (409.355584ms)
✔ Against Raw uses the same merge base as its diff after branches diverge (673.832083ms)
✔ staged copy identity and colon-prefixed index paths remain exact (361.891125ms)
✔ exact-revision materialization preserves bounded binary bytes for viewers (114.785792ms)
✔ staged, unstaged, against, commit, untracked, and clean descriptors are independent (777.628459ms)
✔ raw preview identifies revisions and rejects escaping symlinks (756.506708ms)
✔ missing worktree content never falls back unless the selected state is deleted (270.645208ms)
✔ provider handles unborn and detached repositories plus unusual renamed paths (893.353916ms)
✔ rename pathspecs preserve identity in every diff scope (0.272417ms)
✔ rename and copy previews retain Git identity across against, workspace, commit, and staged views (801.636583ms)
✔ commit history and file details use one explicit first-parent comparison (662.23925ms)
✔ untracked text line counts match Git numstat semantics (267.767167ms)
✔ untracked statistics stop at an aggregate inspection budget (298.028125ms)
✔ clean tracked files retain symlink and executable metadata (234.142959ms)
✔ unstaged type changes use worktree mode rather than index mode (330.783625ms)
✔ against-base model retains deletion, rename, copy, executable, and symlink metadata (418.653041ms)
✔ unmerged porcelain state remains an explicit conflict in both scopes (471.827417ms)
✔ raw content limits fail safely before reading unbounded data (319.328791ms)
✔ historical and index blobs receive bounded binary and UTF-8 validation without fallback (457.808209ms)
✔ non-regular worktree entries are rejected without opening a blocking stream (30.9025ms)
✔ commit history is bounded while retaining an exact total (5777.786083ms)
✔ submodule gitlinks remain first-class canonical metadata (684.2055ms)
✔ Files view combines base-branch diffs with grey unchanged files (8.425459ms)
✔ canonical clean files preserve tracked mode metadata (0.132333ms)
✔ manifest routes every runtime entrypoint through an absolute shell and launcher (2.054291ms)
✔ launcher accepts an absolute Node executable whose path contains spaces (84.911833ms)
✔ launcher rejects missing and unsupported Node before running the target (182.781041ms)
✔ in-process Node version guard rejects unsupported majors (0.20125ms)
✔ preview state is scoped by workspace, source tab, and entrypoint (3.434917ms)
✔ opening a preview records it, renames its tab, and closes only a verified stale preview (3.725875ms)
✔ reused user pane id is never closed from stale preview state (2.17875ms)
✔ wrong workspace is never closed from stale preview state (1.737ms)
✔ unrelated process is never closed from stale preview state (1.773458ms)
✔ same-named script from another checkout is never closed from stale preview state (1.847875ms)
✔ inspection failure leaves the old pane open without hiding the successful new preview (2.247292ms)
✔ malformed open response does not overwrite existing preview ownership (1.638834ms)
✔ missing stale panes are discarded without a destructive close (1.750125ms)
✔ open failure preserves stale ownership and rename failure is only a warning (1.926375ms)
✔ an unwritable preview state root fails inside the guarded lifecycle before opening a pane (0.793041ms)
✔ preview search normalizes content once and narrows prior candidates (1.373291ms)
✔ cached search results retain display columns without another position pass (0.317333ms)
✔ preview search restores cached prefixes, handles Unicode, and resets by content (0.138084ms)
✔ preview search bounds query and retained candidate memory (1068.264584ms)
✔ process stdout remains text by default and can preserve exact bytes (83.088ms)
✔ process input can be supplied as exact bytes (57.1195ms)
✔ timeouts settle without waiting for descendants that inherited output pipes (51.985875ms)
✔ timeouts terminate descendants in the command process group (556.596167ms)
✔ abort signals terminate and await the command process group (557.171834ms)
✔ archive member verification rejects local-only and removed artifacts (1.190958ms)
✔ release evidence binds eight hashed local logs to one candidate (58.625292ms)
✔ release evidence rejects failed, stale, mismatched, and malformed local records (60.859958ms)
✔ release screenshots have the declared dimensions and resolvable source commits (1.448709ms)
✔ demo snapshot is coherent at 25 columns (986.740416ms)
✔ demo snapshot is coherent at 36 columns (704.580375ms)
✔ demo snapshot is coherent at 52 columns (616.409ms)
✔ demo snapshot is coherent at 100 columns (681.401166ms)
✔ demo snapshot ignores ambient user configuration and GitRail overrides (465.721333ms)
✔ Files view puts repository-root files after folders at 25 columns (548.867791ms)
✔ Files view puts repository-root files after folders at 100 columns (599.072209ms)
✔ production Files repaint materializes only the 20k-path viewport (2445.160125ms)
✔ keyboard navigation reaches the first, middle, and final 20k-path Files rows (1934.845125ms)
✔ Changes search includes commit history summaries (859.225708ms)
✔ commit-history search filters expanded commit children (783.187208ms)
✔ large repositories fully render Files while Changes stays paginated (834.080208ms)
✔ sidebar rows stay within terminal width for wide filenames (507.327167ms)
✔ clean Changes view states that the worktree is clean (306.9425ms)
✔ non-repository Files stays browsable with one neutral file icon (399.354417ms)
✔ keyboard can expand a commit-summary search result (606.841792ms)
✔ help overlay explains keys and icons, scrolls, and returns to a highlighted selection (674.446375ms)
✔ Escape clears a keyboard selection before a second press closes the rail (773.360084ms)
✔ fatal rail errors restore terminal modes before exiting nonzero (480.4185ms)
✔ preview processes coalesced search input, advances matches, and exposes horizontal navigation (764.203958ms)
✔ embedded Markdown rendering stays inside the pageable preview viewport (369.089417ms)
✔ a hostile repository config cannot auto-launch a preview executable (85.940375ms)
✔ embedded Glow renders the selected Markdown bytes through stdin (241.885792ms)
✔ the built-in Markdown action auto-opens Glow TUI and action 3 opens it again (240.653833ms)
✔ preview reports repaint latency for a large allowed line count (1726.226792ms)
ℹ 75,000-line preview repaint: 19ms
✔ preview avoids wrapped-row amplification for a pathological single line (136.549791ms)
✔ preview rejects pathological line counts before rendered-memory amplification (214.441ms)
✔ terminal text blocks OSC52 and every terminal control family (0.709333ms)
✔ clean Files metadata opens Raw even with a workspace descriptor (0.0835ms)
✔ commit preview context distinguishes first-parent and root comparisons (0.050542ms)
✔ preview tab names use a safe capped basename (1.02125ms)
✔ terminal layout helpers measure, truncate, pad, and compact by display columns (0.41725ms)
✔ preview wrapping preserves gutters, ANSI styles, Unicode width, and source rows (0.937ms)
✔ embedded renderer output keeps only SGR styling (0.121083ms)
✔ terminal input decoder preserves ordered coalesced keyboard, CSI, and mouse events (10.46075ms)
✔ summary-only commit matches can expand to meaningful file content (0.137584ms)
✔ poll timers reject corrupted intervals independently of configuration (0.078375ms)
✔ filesystem invalidations coalesce and enforce a minimum refresh cadence (0.12ms)
✔ a successful refresh clears only refresh failures (0.041666ms)
✔ SGR mouse reports can be removed without leaking bytes into search text (0.060834ms)
✔ startup provider failures become an actionable render state (0.080459ms)
✔ sidebar snapshots cannot emit OSC52 from repository and filename data (234.735375ms)
✔ recovery polling follows repository transitions in either direction (0.505416ms)
✔ preview requests serialize and skip superseded queued selections (0.282208ms)
✔ keyboard selection reveal uses rendered row position (0.071917ms)
✔ compact commit ages preserve value and unit (0.598875ms)
✔ root files sort after every folder group (7.1745ms)
✔ uninstall closes only live pane instances owned by this checkout before unlinking (1.138833ms)
✔ uninstall fails closed on a reused or spoofed GitRail pane (0.43725ms)
ℹ tests 186
ℹ suites 0
ℹ pass 186
ℹ fail 0
ℹ cancelled 0
ℹ skipped 0
ℹ todo 0
ℹ duration_ms 52723.951792
ℹ start of coverage report
ℹ ------------------------------------------------------------------------------------------------
ℹ file                        | line % | branch % | funcs % | uncovered lines
ℹ ------------------------------------------------------------------------------------------------
ℹ src                         |        |          |         | 
ℹ  config.mjs                 |  97.04 |    90.72 |   96.43 | 65-66 69-70 140-141 155-156
ℹ  debug-log.mjs              |  46.67 |    66.67 |   50.00 | 7-14
ℹ  diff-view.mjs              |  86.67 |    82.35 |  100.00 | 45-48 67-72
ℹ  files-view-model.mjs       | 100.00 |   100.00 |  100.00 | 
ℹ  fixture.mjs                | 100.00 |   100.00 |  100.00 | 
ℹ  git-parsers.mjs            | 100.00 |    98.65 |  100.00 | 
ℹ  git-provider.mjs           |  98.48 |    85.53 |  100.00 | 66-67 205-206 301 333-334
ℹ  git-watch.mjs              | 100.00 |    87.50 |  100.00 | 
ℹ  herdr-context.mjs          |  96.88 |    52.17 |  100.00 | 62-63
ℹ  herdr-layout.mjs           | 100.00 |    71.43 |   83.33 | 
ℹ  herdr-pane-state.mjs       |  90.27 |    71.70 |   95.00 | 72-73 81-82 113 115 168-174 180-184
ℹ  model.mjs                  |  82.50 |    84.62 |   81.82 | 55-65 75-77
ℹ  node-version.mjs           | 100.00 |   100.00 |  100.00 | 
ℹ  preview-pane-lifecycle.mjs |  91.04 |    78.95 |  100.00 | 84-95
ℹ  preview-provider.mjs       |  95.30 |    84.35 |  100.00 | 60 92 158 180-186 221
ℹ  preview-search.mjs         | 100.00 |    87.50 |  100.00 | 
ℹ  process.mjs                |  92.62 |    89.80 |   84.21 | 28-30 73 83-86 111-112 136
ℹ  terminal-ui.mjs            |  98.03 |    88.32 |   92.50 | 133-135 186-188 301-302
ℹ  tui-format.mjs             | 100.00 |    66.67 |  100.00 | 
ℹ ------------------------------------------------------------------------------------------------
ℹ all files                   |  95.76 |    86.35 |   95.08 | 
ℹ ------------------------------------------------------------------------------------------------
ℹ end of coverage report
